127.0.0.1 - - [14/Feb/2020:16:35:03 +0800] "PUT /nacos/v1/ns/instance/beat?beat=%7B%22cluster%22%3A%22DEFAULT%22%2C%22ip%22%3A%22192.168.2.105%22%2C%22metadata%22%3A%7B%22preserved.register.source%22%3A%22SPRING_CLOUD%22%7D%2C%22port%22%3A8080%2C%22scheduled%22%3Atrue%2C%22serviceName%22%3A%22DEFAULT_GROUP%40%40user-center%22%2C%22weight%22%3A1.0%7D&serviceName=DEFAULT_GROUP%40%40user-center&encoding=UTF-8&namespaceId=public HTTP/1.1" 200 38 4 Nacos-Java-Client:v1.0.0
192.168.2.105 - - [14/Feb/2020:16:35:05 +0800] "GET /nacos/v1/cs/health HTTP/1.1" 200 2 11 Apache-HttpAsyncClient/4.1.3 (Java/9.0.4)
127.0.0.1 - - [14/Feb/2020:16:35:08 +0800] "PUT /nacos/v1/ns/instance/beat?beat=%7B%22cluster%22%3A%22DEFAULT%22%2C%22ip%22%3A%22192.168.2.105%22%2C%22metadata%22%3A%7B%22preserved.register.source%22%3A%22SPRING_CLOUD%22%7D%2C%22port%22%3A8080%2C%22scheduled%22%3Atrue%2C%22serviceName%22%3A%22DEFAULT_GROUP%40%40user-center%22%2C%22weight%22%3A1.0%7D&serviceName=DEFAULT_GROUP%40%40user-center&encoding=UTF-8&namespaceId=public HTTP/1.1" 200 38 4 Nacos-Java-Client:v1.0.0
127.0.0.1 - - [14/Feb/2020:16:35:09 +0800] "GET /nacos/v1/ns/instance/list?healthyOnly=false&namespaceId=public&clientIP=10.176.13.99&serviceName=DEFAULT_GROUP%40%40user-center&udpPort=61142&encoding=UTF-8 HTTP/1.1" 200 564 4 Nacos-Java-Client:v1.0.0
192.168.2.105 - - [14/Feb/2020:16:35:10 +0800] "GET /nacos/v1/cs/health HTTP/1.1" 200 2 1 Apache-HttpAsyncClient/4.1.3 (Java/9.0.4)
127.0.0.1 - - [14/Feb/2020:16:35:13 +0800] "PUT /nacos/v1/ns/instance/beat?beat=%7B%22cluster%22%3A%22DEFAULT%22%2C%22ip%22%3A%22192.168.2.105%22%2C%22metadata%22%3A%7B%22preserved.register.source%22%3A%22SPRING_CLOUD%22%7D%2C%22port%22%3A8080%2C%22scheduled%22%3Atrue%2C%22serviceName%22%3A%22DEFAULT_GROUP%40%40user-center%22%2C%22weight%22%3A1.0%7D&serviceName=DEFAULT_GROUP%40%40user-center&encoding=UTF-8&namespaceId=public HTTP/1.1" 200 38 4 Nacos-Java-Client:v1.0.0
192.168.2.105 - - [14/Feb/2020:16:35:15 +0800] "GET /nacos/v1/cs/health HTTP/1.1" 200 2 3 Apache-HttpAsyncClient/4.1.3 (Java/9.0.4)
127.0.0.1 - - [14/Feb/2020:16:35:16 +0800] "GET /nacos/v1/ns/service/list?pageSize=2147483647&groupName=DEFAULT_GROUP&encoding=UTF-8&namespaceId=public&pageNo=1 HTTP/1.1" 200 45 14 Nacos-Java-Client:v1.0.0
127.0.0.1 - - [14/Feb/2020:16:35:18 +0800] "PUT /nacos/v1/ns/instance/beat?beat=%7B%22cluster%22%3A%22DEFAULT%22%2C%22ip%22%3A%22192.168.2.105%22%2C%22metadata%22%3A%7B%22preserved.register.source%22%3A%22SPRING_CLOUD%22%7D%2C%22port%22%3A8080%2C%22scheduled%22%3Atrue%2C%22serviceName%22%3A%22DEFAULT_GROUP%40%40user-center%22%2C%22weight%22%3A1.0%7D&serviceName=DEFAULT_GROUP%40%40user-center&encoding=UTF-8&namespaceId=public HTTP/1.1" 200 38 4 Nacos-Java-Client:v1.0.0
127.0.0.1 - - [14/Feb/2020:16:35:19 +0800] "GET /nacos/v1/ns/instance/list?healthyOnly=false&namespaceId=public&clientIP=10.176.13.99&serviceName=DEFAULT_GROUP%40%40user-center&udpPort=61142&encoding=UTF-8 HTTP/1.1" 200 564 11 Nacos-Java-Client:v1.0.0
192.168.2.105 - - [14/Feb/2020:16:35:20 +0800] "GET /nacos/v1/cs/health HTTP/1.1" 200 2 3 Apache-HttpAsyncClient/4.1.3 (Java/9.0.4)
127.0.0.1 - - [14/Feb/2020:16:35:23 +0800] "PUT /nacos/v1/ns/instance/beat?beat=%7B%22cluster%22%3A%22DEFAULT%22%2C%22ip%22%3A%22192.168.2.105%22%2C%22metadata%22%3A%7B%22preserved.register.source%22%3A%22SPRING_CLOUD%22%7D%2C%22port%22%3A8080%2C%22scheduled%22%3Atrue%2C%22serviceName%22%3A%22DEFAULT_GROUP%40%40user-center%22%2C%22weight%22%3A1.0%7D&serviceName=DEFAULT_GROUP%40%40user-center&encoding=UTF-8&namespaceId=public HTTP/1.1" 200 38 12 Nacos-Java-Client:v1.0.0
192.168.2.105 - - [14/Feb/2020:16:35:25 +0800] "GET /nacos/v1/cs/health HTTP/1.1" 200 2 3 Apache-HttpAsyncClient/4.1.3 (Java/9.0.4)
127.0.0.1 - - [14/Feb/2020:16:35:28 +0800] "PUT /nacos/v1/ns/instance/beat?beat=%7B%22cluster%22%3A%22DEFAULT%22%2C%22ip%22%3A%22192.168.2.105%22%2C%22metadata%22%3A%7B%22preserved.register.source%22%3A%22SPRING_CLOUD%22%7D%2C%22port%22%3A8080%2C%22scheduled%22%3Atrue%2C%22serviceName%22%3A%22DEFAULT_GROUP%40%40user-center%22%2C%22weight%22%3A1.0%7D&serviceName=DEFAULT_GROUP%40%40user-center&encoding=UTF-8&namespaceId=public HTTP/1.1" 200 38 5 Nacos-Java-Client:v1.0.0
127.0.0.1 - - [14/Feb/2020:16:35:29 +0800] "GET /nacos/v1/ns/instance/list?healthyOnly=false&namespaceId=public&clientIP=10.176.13.99&serviceName=DEFAULT_GROUP%40%40user-center&udpPort=61142&encoding=UTF-8 HTTP/1.1" 200 564 4 Nacos-Java-Client:v1.0.0
192.168.2.105 - - [14/Feb/2020:16:35:30 +0800] "GET /nacos/v1/cs/health HTTP/1.1" 200 2 3 Apache-HttpAsyncClient/4.1.3 (Java/9.0.4)
127.0.0.1 - - [14/Feb/2020:16:35:33 +0800] "PUT /nacos/v1/ns/instance/beat?beat=%7B%22cluster%22%3A%22DEFAULT%22%2C%22ip%22%3A%22192.168.2.105%22%2C%22metadata%22%3A%7B%22preserved.register.source%22%3A%22SPRING_CLOUD%22%7D%2C%22port%22%3A8080%2C%22scheduled%22%3Atrue%2C%22serviceName%22%3A%22DEFAULT_GROUP%40%40user-center%22%2C%22weight%22%3A1.0%7D&serviceName=DEFAULT_GROUP%40%40user-center&encoding=UTF-8&namespaceId=public HTTP/1.1" 200 38 4 Nacos-Java-Client:v1.0.0
192.168.2.105 - - [14/Feb/2020:16:35:35 +0800] "GET /nacos/v1/cs/health HTTP/1.1" 200 2 11 Apache-HttpAsyncClient/4.1.3 (Java/9.0.4)
127.0.0.1 - - [14/Feb/2020:16:35:38 +0800] "PUT /nacos/v1/ns/instance/beat?beat=%7B%22cluster%22%3A%22DEFAULT%22%2C%22ip%22%3A%22192.168.2.105%22%2C%22metadata%22%3A%7B%22preserved.register.source%22%3A%22SPRING_CLOUD%22%7D%2C%22port%22%3A8080%2C%22scheduled%22%3Atrue%2C%22serviceName%22%3A%22DEFAULT_GROUP%40%40user-center%22%2C%22weight%22%3A1.0%7D&serviceName=DEFAULT_GROUP%40%40user-center&encoding=UTF-8&namespaceId=public HTTP/1.1" 200 38 4 Nacos-Java-Client:v1.0.0
127.0.0.1 - - [14/Feb/2020:16:35:39 +0800] "GET /nacos/v1/ns/instance/list?healthyOnly=false&namespaceId=public&clientIP=10.176.13.99&serviceName=DEFAULT_GROUP%40%40user-center&udpPort=61142&encoding=UTF-8 HTTP/1.1" 200 564 4 Nacos-Java-Client:v1.0.0
192.168.2.105 - - [14/Feb/2020:16:35:40 +0800] "GET /nacos/v1/cs/health HTTP/1.1" 200 2 3 Apache-HttpAsyncClient/4.1.3 (Java/9.0.4)
127.0.0.1 - - [14/Feb/2020:16:35:43 +0800] "PUT /nacos/v1/ns/instance/beat?beat=%7B%22cluster%22%3A%22DEFAULT%22%2C%22ip%22%3A%22192.168.2.105%22%2C%22metadata%22%3A%7B%22preserved.register.source%22%3A%22SPRING_CLOUD%22%7D%2C%22port%22%3A8080%2C%22scheduled%22%3Atrue%2C%22serviceName%22%3A%22DEFAULT_GROUP%40%40user-center%22%2C%22weight%22%3A1.0%7D&serviceName=DEFAULT_GROUP%40%40user-center&encoding=UTF-8&namespaceId=public HTTP/1.1" 200 38 4 Nacos-Java-Client:v1.0.0
192.168.2.105 - - [14/Feb/2020:16:35:45 +0800] "GET /nacos/v1/cs/health HTTP/1.1" 200 2 3 Apache-HttpAsyncClient/4.1.3 (Java/9.0.4)
127.0.0.1 - - [14/Feb/2020:16:35:46 +0800] "GET /nacos/v1/ns/service/list?pageSize=2147483647&groupName=DEFAULT_GROUP&encoding=UTF-8&namespaceId=public&pageNo=1 HTTP/1.1" 200 45 17 Nacos-Java-Client:v1.0.0
127.0.0.1 - - [14/Feb/2020:16:35:48 +0800] "PUT /nacos/v1/ns/instance/beat?beat=%7B%22cluster%22%3A%22DEFAULT%22%2C%22ip%22%3A%22192.168.2.105%22%2C%22metadata%22%3A%7B%22preserved.register.source%22%3A%22SPRING_CLOUD%22%7D%2C%22port%22%3A8080%2C%22scheduled%22%3Atrue%2C%22serviceName%22%3A%22DEFAULT_GROUP%40%40user-center%22%2C%22weight%22%3A1.0%7D&serviceName=DEFAULT_GROUP%40%40user-center&encoding=UTF-8&namespaceId=public HTTP/1.1" 200 38 4 Nacos-Java-Client:v1.0.0
127.0.0.1 - - [14/Feb/2020:16:35:49 +0800] "GET /nacos/v1/ns/instance/list?healthyOnly=false&namespaceId=public&clientIP=10.176.13.99&serviceName=DEFAULT_GROUP%40%40user-center&udpPort=61142&encoding=UTF-8 HTTP/1.1" 200 564 11 Nacos-Java-Client:v1.0.0
192.168.2.105 - - [14/Feb/2020:16:35:50 +0800] "GET /nacos/v1/cs/health HTTP/1.1" 200 2 3 Apache-HttpAsyncClient/4.1.3 (Java/9.0.4)
127.0.0.1 - - [14/Feb/2020:16:35:53 +0800] "PUT /nacos/v1/ns/instance/beat?beat=%7B%22cluster%22%3A%22DEFAULT%22%2C%22ip%22%3A%22192.168.2.105%22%2C%22metadata%22%3A%7B%22preserved.register.source%22%3A%22SPRING_CLOUD%22%7D%2C%22port%22%3A8080%2C%22scheduled%22%3Atrue%2C%22serviceName%22%3A%22DEFAULT_GROUP%40%40user-center%22%2C%22weight%22%3A1.0%7D&serviceName=DEFAULT_GROUP%40%40user-center&encoding=UTF-8&namespaceId=public HTTP/1.1" 200 38 5 Nacos-Java-Client:v1.0.0
192.168.2.105 - - [14/Feb/2020:16:35:55 +0800] "GET /nacos/v1/cs/health HTTP/1.1" 200 2 3 Apache-HttpAsyncClient/4.1.3 (Java/9.0.4)
127.0.0.1 - - [14/Feb/2020:16:35:58 +0800] "PUT /nacos/v1/ns/instance/beat?beat=%7B%22cluster%22%3A%22DEFAULT%22%2C%22ip%22%3A%22192.168.2.105%22%2C%22metadata%22%3A%7B%22preserved.register.source%22%3A%22SPRING_CLOUD%22%7D%2C%22port%22%3A8080%2C%22scheduled%22%3Atrue%2C%22serviceName%22%3A%22DEFAULT_GROUP%40%40user-center%22%2C%22weight%22%3A1.0%7D&serviceName=DEFAULT_GROUP%40%40user-center&encoding=UTF-8&namespaceId=public HTTP/1.1" 200 38 7 Nacos-Java-Client:v1.0.0
127.0.0.1 - - [14/Feb/2020:16:35:59 +0800] "GET /nacos/v1/ns/instance/list?healthyOnly=false&namespaceId=public&clientIP=10.176.13.99&serviceName=DEFAULT_GROUP%40%40user-center&udpPort=61142&encoding=UTF-8 HTTP/1.1" 200 564 4 Nacos-Java-Client:v1.0.0
192.168.2.105 - - [14/Feb/2020:16:36:00 +0800] "GET /nacos/v1/cs/health HTTP/1.1" 200 2 3 Apache-HttpAsyncClient/4.1.3 (Java/9.0.4)
127.0.0.1 - - [14/Feb/2020:16:36:03 +0800] "PUT /nacos/v1/ns/instance/beat?beat=%7B%22cluster%22%3A%22DEFAULT%22%2C%22ip%22%3A%22192.168.2.105%22%2C%22metadata%22%3A%7B%22preserved.register.source%22%3A%22SPRING_CLOUD%22%7D%2C%22port%22%3A8080%2C%22scheduled%22%3Atrue%2C%22serviceName%22%3A%22DEFAULT_GROUP%40%40user-center%22%2C%22weight%22%3A1.0%7D&serviceName=DEFAULT_GROUP%40%40user-center&encoding=UTF-8&namespaceId=public HTTP/1.1" 200 38 2 Nacos-Java-Client:v1.0.0
192.168.2.105 - - [14/Feb/2020:16:36:05 +0800] "GET /nacos/v1/cs/health HTTP/1.1" 200 2 11 Apache-HttpAsyncClient/4.1.3 (Java/9.0.4)
127.0.0.1 - - [14/Feb/2020:16:36:08 +0800] "PUT /nacos/v1/ns/instance/beat?beat=%7B%22cluster%22%3A%22DEFAULT%22%2C%22ip%22%3A%22192.168.2.105%22%2C%22metadata%22%3A%7B%22preserved.register.source%22%3A%22SPRING_CLOUD%22%7D%2C%22port%22%3A8080%2C%22scheduled%22%3Atrue%2C%22serviceName%22%3A%22DEFAULT_GROUP%40%40user-center%22%2C%22weight%22%3A1.0%7D&serviceName=DEFAULT_GROUP%40%40user-center&encoding=UTF-8&namespaceId=public HTTP/1.1" 200 38 1 Nacos-Java-Client:v1.0.0
127.0.0.1 - - [14/Feb/2020:16:36:09 +0800] "GET /nacos/v1/ns/instance/list?healthyOnly=false&namespaceId=public&clientIP=10.176.13.99&serviceName=DEFAULT_GROUP%40%40user-center&udpPort=61142&encoding=UTF-8 HTTP/1.1" 200 564 3 Nacos-Java-Client:v1.0.0
192.168.2.105 - - [14/Feb/2020:16:36:10 +0800] "GET /nacos/v1/cs/health HTTP/1.1" 200 2 3 Apache-HttpAsyncClient/4.1.3 (Java/9.0.4)
127.0.0.1 - - [14/Feb/2020:16:36:13 +0800] "PUT /nacos/v1/ns/instance/beat?beat=%7B%22cluster%22%3A%22DEFAULT%22%2C%22ip%22%3A%22192.168.2.105%22%2C%22metadata%22%3A%7B%22preserved.register.source%22%3A%22SPRING_CLOUD%22%7D%2C%22port%22%3A8080%2C%22scheduled%22%3Atrue%2C%22serviceName%22%3A%22DEFAULT_GROUP%40%40user-center%22%2C%22weight%22%3A1.0%7D&serviceName=DEFAULT_GROUP%40%40user-center&encoding=UTF-8&namespaceId=public HTTP/1.1" 200 38 4 Nacos-Java-Client:v1.0.0
192.168.2.105 - - [14/Feb/2020:16:36:15 +0800] "GET /nacos/v1/cs/health HTTP/1.1" 200 2 3 Apache-HttpAsyncClient/4.1.3 (Java/9.0.4)
127.0.0.1 - - [14/Feb/2020:16:36:16 +0800] "GET /nacos/v1/ns/service/list?pageSize=2147483647&groupName=DEFAULT_GROUP&encoding=UTF-8&namespaceId=public&pageNo=1 HTTP/1.1" 200 45 6 Nacos-Java-Client:v1.0.0
127.0.0.1 - - [14/Feb/2020:16:36:18 +0800] "PUT /nacos/v1/ns/instance/beat?beat=%7B%22cluster%22%3A%22DEFAULT%22%2C%22ip%22%3A%22192.168.2.105%22%2C%22metadata%22%3A%7B%22preserved.register.source%22%3A%22SPRING_CLOUD%22%7D%2C%22port%22%3A8080%2C%22scheduled%22%3Atrue%2C%22serviceName%22%3A%22DEFAULT_GROUP%40%40user-center%22%2C%22weight%22%3A1.0%7D&serviceName=DEFAULT_GROUP%40%40user-center&encoding=UTF-8&namespaceId=public HTTP/1.1" 200 38 5 Nacos-Java-Client:v1.0.0
127.0.0.1 - - [14/Feb/2020:16:36:19 +0800] "GET /nacos/v1/ns/instance/list?healthyOnly=false&namespaceId=public&clientIP=10.176.13.99&serviceName=DEFAULT_GROUP%40%40user-center&udpPort=61142&encoding=UTF-8 HTTP/1.1" 200 564 12 Nacos-Java-Client:v1.0.0
192.168.2.105 - - [14/Feb/2020:16:36:20 +0800] "GET /nacos/v1/cs/health HTTP/1.1" 200 2 3 Apache-HttpAsyncClient/4.1.3 (Java/9.0.4)
127.0.0.1 - - [14/Feb/2020:16:36:23 +0800] "PUT /nacos/v1/ns/instance/beat?beat=%7B%22cluster%22%3A%22DEFAULT%22%2C%22ip%22%3A%22192.168.2.105%22%2C%22metadata%22%3A%7B%22preserved.register.source%22%3A%22SPRING_CLOUD%22%7D%2C%22port%22%3A8080%2C%22scheduled%22%3Atrue%2C%22serviceName%22%3A%22DEFAULT_GROUP%40%40user-center%22%2C%22weight%22%3A1.0%7D&serviceName=DEFAULT_GROUP%40%40user-center&encoding=UTF-8&namespaceId=public HTTP/1.1" 200 38 1 Nacos-Java-Client:v1.0.0
192.168.2.105 - - [14/Feb/2020:16:36:25 +0800] "GET /nacos/v1/cs/health HTTP/1.1" 200 2 4 Apache-HttpAsyncClient/4.1.3 (Java/9.0.4)
127.0.0.1 - - [14/Feb/2020:16:36:28 +0800] "PUT /nacos/v1/ns/instance/beat?beat=%7B%22cluster%22%3A%22DEFAULT%22%2C%22ip%22%3A%22192.168.2.105%22%2C%22metadata%22%3A%7B%22preserved.register.source%22%3A%22SPRING_CLOUD%22%7D%2C%22port%22%3A8080%2C%22scheduled%22%3Atrue%2C%22serviceName%22%3A%22DEFAULT_GROUP%40%40user-center%22%2C%22weight%22%3A1.0%7D&serviceName=DEFAULT_GROUP%40%40user-center&encoding=UTF-8&namespaceId=public HTTP/1.1" 200 38 13 Nacos-Java-Client:v1.0.0
127.0.0.1 - - [14/Feb/2020:16:36:29 +0800] "GET /nacos/v1/ns/instance/list?healthyOnly=false&namespaceId=public&clientIP=10.176.13.99&serviceName=DEFAULT_GROUP%40%40user-center&udpPort=61142&encoding=UTF-8 HTTP/1.1" 200 564 5 Nacos-Java-Client:v1.0.0
192.168.2.105 - - [14/Feb/2020:16:36:30 +0800] "GET /nacos/v1/cs/health HTTP/1.1" 200 2 5 Apache-HttpAsyncClient/4.1.3 (Java/9.0.4)
127.0.0.1 - - [14/Feb/2020:16:36:33 +0800] "PUT /nacos/v1/ns/instance/beat?beat=%7B%22cluster%22%3A%22DEFAULT%22%2C%22ip%22%3A%22192.168.2.105%22%2C%22metadata%22%3A%7B%22preserved.register.source%22%3A%22SPRING_CLOUD%22%7D%2C%22port%22%3A8080%2C%22scheduled%22%3Atrue%2C%22serviceName%22%3A%22DEFAULT_GROUP%40%40user-center%22%2C%22weight%22%3A1.0%7D&serviceName=DEFAULT_GROUP%40%40user-center&encoding=UTF-8&namespaceId=public HTTP/1.1" 200 38 4 Nacos-Java-Client:v1.0.0
192.168.2.105 - - [14/Feb/2020:16:36:35 +0800] "GET /nacos/v1/cs/health HTTP/1.1" 200 2 10 Apache-HttpAsyncClient/4.1.3 (Java/9.0.4)
127.0.0.1 - - [14/Feb/2020:16:36:38 +0800] "PUT /nacos/v1/ns/instance/beat?beat=%7B%22cluster%22%3A%22DEFAULT%22%2C%22ip%22%3A%22192.168.2.105%22%2C%22metadata%22%3A%7B%22preserved.register.source%22%3A%22SPRING_CLOUD%22%7D%2C%22port%22%3A8080%2C%22scheduled%22%3Atrue%2C%22serviceName%22%3A%22DEFAULT_GROUP%40%40user-center%22%2C%22weight%22%3A1.0%7D&serviceName=DEFAULT_GROUP%40%40user-center&encoding=UTF-8&namespaceId=public HTTP/1.1" 200 38 4 Nacos-Java-Client:v1.0.0
127.0.0.1 - - [14/Feb/2020:16:36:39 +0800] "GET /nacos/v1/ns/instance/list?healthyOnly=false&namespaceId=public&clientIP=10.176.13.99&serviceName=DEFAULT_GROUP%40%40user-center&udpPort=61142&encoding=UTF-8 HTTP/1.1" 200 564 4 Nacos-Java-Client:v1.0.0
192.168.2.105 - - [14/Feb/2020:16:36:40 +0800] "GET /nacos/v1/cs/health HTTP/1.1" 200 2 3 Apache-HttpAsyncClient/4.1.3 (Java/9.0.4)
127.0.0.1 - - [14/Feb/2020:16:36:43 +0800] "PUT /nacos/v1/ns/instance/beat?beat=%7B%22cluster%22%3A%22DEFAULT%22%2C%22ip%22%3A%22192.168.2.105%22%2C%22metadata%22%3A%7B%22preserved.register.source%22%3A%22SPRING_CLOUD%22%7D%2C%22port%22%3A8080%2C%22scheduled%22%3Atrue%2C%22serviceName%22%3A%22DEFAULT_GROUP%40%40user-center%22%2C%22weight%22%3A1.0%7D&serviceName=DEFAULT_GROUP%40%40user-center&encoding=UTF-8&namespaceId=public HTTP/1.1" 200 38 5 Nacos-Java-Client:v1.0.0
192.168.2.105 - - [14/Feb/2020:16:36:45 +0800] "GET /nacos/v1/cs/health HTTP/1.1" 200 2 3 Apache-HttpAsyncClient/4.1.3 (Java/9.0.4)
127.0.0.1 - - [14/Feb/2020:16:36:46 +0800] "GET /nacos/v1/ns/service/list?pageSize=2147483647&groupName=DEFAULT_GROUP&encoding=UTF-8&namespaceId=public&pageNo=1 HTTP/1.1" 200 45 6 Nacos-Java-Client:v1.0.0
127.0.0.1 - - [14/Feb/2020:16:36:48 +0800] "PUT /nacos/v1/ns/instance/beat?beat=%7B%22cluster%22%3A%22DEFAULT%22%2C%22ip%22%3A%22192.168.2.105%22%2C%22metadata%22%3A%7B%22preserved.register.source%22%3A%22SPRING_CLOUD%22%7D%2C%22port%22%3A8080%2C%22scheduled%22%3Atrue%2C%22serviceName%22%3A%22DEFAULT_GROUP%40%40user-center%22%2C%22weight%22%3A1.0%7D&serviceName=DEFAULT_GROUP%40%40user-center&encoding=UTF-8&namespaceId=public HTTP/1.1" 200 38 5 Nacos-Java-Client:v1.0.0
127.0.0.1 - - [14/Feb/2020:16:36:49 +0800] "GET /nacos/v1/ns/instance/list?healthyOnly=false&namespaceId=public&clientIP=10.176.13.99&serviceName=DEFAULT_GROUP%40%40user-center&udpPort=61142&encoding=UTF-8 HTTP/1.1" 200 564 2 Nacos-Java-Client:v1.0.0
192.168.2.105 - - [14/Feb/2020:16:36:50 +0800] "GET /nacos/v1/cs/health HTTP/1.1" 200 2 3 Apache-HttpAsyncClient/4.1.3 (Java/9.0.4)
127.0.0.1 - - [14/Feb/2020:16:36:53 +0800] "PUT /nacos/v1/ns/instance/beat?beat=%7B%22cluster%22%3A%22DEFAULT%22%2C%22ip%22%3A%22192.168.2.105%22%2C%22metadata%22%3A%7B%22preserved.register.source%22%3A%22SPRING_CLOUD%22%7D%2C%22port%22%3A8080%2C%22scheduled%22%3Atrue%2C%22serviceName%22%3A%22DEFAULT_GROUP%40%40user-center%22%2C%22weight%22%3A1.0%7D&serviceName=DEFAULT_GROUP%40%40user-center&encoding=UTF-8&namespaceId=public HTTP/1.1" 200 38 4 Nacos-Java-Client:v1.0.0
192.168.2.105 - - [14/Feb/2020:16:36:55 +0800] "GET /nacos/v1/cs/health HTTP/1.1" 200 2 2 Apache-HttpAsyncClient/4.1.3 (Java/9.0.4)
127.0.0.1 - - [14/Feb/2020:16:36:58 +0800] "PUT /nacos/v1/ns/instance/beat?beat=%7B%22cluster%22%3A%22DEFAULT%22%2C%22ip%22%3A%22192.168.2.105%22%2C%22metadata%22%3A%7B%22preserved.register.source%22%3A%22SPRING_CLOUD%22%7D%2C%22port%22%3A8080%2C%22scheduled%22%3Atrue%2C%22serviceName%22%3A%22DEFAULT_GROUP%40%40user-center%22%2C%22weight%22%3A1.0%7D&serviceName=DEFAULT_GROUP%40%40user-center&encoding=UTF-8&namespaceId=public HTTP/1.1" 200 38 3 Nacos-Java-Client:v1.0.0
127.0.0.1 - - [14/Feb/2020:16:36:59 +0800] "GET /nacos/v1/ns/instance/list?healthyOnly=false&namespaceId=public&clientIP=10.176.13.99&serviceName=DEFAULT_GROUP%40%40user-center&udpPort=61142&encoding=UTF-8 HTTP/1.1" 200 564 5 Nacos-Java-Client:v1.0.0
192.168.2.105 - - [14/Feb/2020:16:37:00 +0800] "GET /nacos/v1/cs/health HTTP/1.1" 200 2 3 Apache-HttpAsyncClient/4.1.3 (Java/9.0.4)
127.0.0.1 - - [14/Feb/2020:16:37:03 +0800] "PUT /nacos/v1/ns/instance/beat?beat=%7B%22cluster%22%3A%22DEFAULT%22%2C%22ip%22%3A%22192.168.2.105%22%2C%22metadata%22%3A%7B%22preserved.register.source%22%3A%22SPRING_CLOUD%22%7D%2C%22port%22%3A8080%2C%22scheduled%22%3Atrue%2C%22serviceName%22%3A%22DEFAULT_GROUP%40%40user-center%22%2C%22weight%22%3A1.0%7D&serviceName=DEFAULT_GROUP%40%40user-center&encoding=UTF-8&namespaceId=public HTTP/1.1" 200 38 10 Nacos-Java-Client:v1.0.0
192.168.2.105 - - [14/Feb/2020:16:37:05 +0800] "GET /nacos/v1/cs/health HTTP/1.1" 200 2 11 Apache-HttpAsyncClient/4.1.3 (Java/9.0.4)
127.0.0.1 - - [14/Feb/2020:16:37:08 +0800] "PUT /nacos/v1/ns/instance/beat?beat=%7B%22cluster%22%3A%22DEFAULT%22%2C%22ip%22%3A%22192.168.2.105%22%2C%22metadata%22%3A%7B%22preserved.register.source%22%3A%22SPRING_CLOUD%22%7D%2C%22port%22%3A8080%2C%22scheduled%22%3Atrue%2C%22serviceName%22%3A%22DEFAULT_GROUP%40%40user-center%22%2C%22weight%22%3A1.0%7D&serviceName=DEFAULT_GROUP%40%40user-center&encoding=UTF-8&namespaceId=public HTTP/1.1" 200 38 5 Nacos-Java-Client:v1.0.0
127.0.0.1 - - [14/Feb/2020:16:37:09 +0800] "GET /nacos/v1/ns/instance/list?healthyOnly=false&namespaceId=public&clientIP=10.176.13.99&serviceName=DEFAULT_GROUP%40%40user-center&udpPort=61142&encoding=UTF-8 HTTP/1.1" 200 564 1 Nacos-Java-Client:v1.0.0
192.168.2.105 - - [14/Feb/2020:16:37:10 +0800] "GET /nacos/v1/cs/health HTTP/1.1" 200 2 1 Apache-HttpAsyncClient/4.1.3 (Java/9.0.4)
127.0.0.1 - - [14/Feb/2020:16:37:13 +0800] "PUT /nacos/v1/ns/instance/beat?beat=%7B%22cluster%22%3A%22DEFAULT%22%2C%22ip%22%3A%22192.168.2.105%22%2C%22metadata%22%3A%7B%22preserved.register.source%22%3A%22SPRING_CLOUD%22%7D%2C%22port%22%3A8080%2C%22scheduled%22%3Atrue%2C%22serviceName%22%3A%22DEFAULT_GROUP%40%40user-center%22%2C%22weight%22%3A1.0%7D&serviceName=DEFAULT_GROUP%40%40user-center&encoding=UTF-8&namespaceId=public HTTP/1.1" 200 38 1 Nacos-Java-Client:v1.0.0
192.168.2.105 - - [14/Feb/2020:16:37:15 +0800] "GET /nacos/v1/cs/health HTTP/1.1" 200 2 1 Apache-HttpAsyncClient/4.1.3 (Java/9.0.4)
127.0.0.1 - - [14/Feb/2020:16:37:16 +0800] "GET /nacos/v1/ns/service/list?pageSize=2147483647&groupName=DEFAULT_GROUP&encoding=UTF-8&namespaceId=public&pageNo=1 HTTP/1.1" 200 45 6 Nacos-Java-Client:v1.0.0
127.0.0.1 - - [14/Feb/2020:16:37:18 +0800] "PUT /nacos/v1/ns/instance/beat?beat=%7B%22cluster%22%3A%22DEFAULT%22%2C%22ip%22%3A%22192.168.2.105%22%2C%22metadata%22%3A%7B%22preserved.register.source%22%3A%22SPRING_CLOUD%22%7D%2C%22port%22%3A8080%2C%22scheduled%22%3Atrue%2C%22serviceName%22%3A%22DEFAULT_GROUP%40%40user-center%22%2C%22weight%22%3A1.0%7D&serviceName=DEFAULT_GROUP%40%40user-center&encoding=UTF-8&namespaceId=public HTTP/1.1" 200 38 2 Nacos-Java-Client:v1.0.0
127.0.0.1 - - [14/Feb/2020:16:37:19 +0800] "GET /nacos/v1/ns/instance/list?healthyOnly=false&namespaceId=public&clientIP=10.176.13.99&serviceName=DEFAULT_GROUP%40%40user-center&udpPort=61142&encoding=UTF-8 HTTP/1.1" 200 564 7 Nacos-Java-Client:v1.0.0
192.168.2.105 - - [14/Feb/2020:16:37:20 +0800] "GET /nacos/v1/cs/health HTTP/1.1" 200 2 1 Apache-HttpAsyncClient/4.1.3 (Java/9.0.4)
127.0.0.1 - - [14/Feb/2020:16:37:23 +0800] "PUT /nacos/v1/ns/instance/beat?beat=%7B%22cluster%22%3A%22DEFAULT%22%2C%22ip%22%3A%22192.168.2.105%22%2C%22metadata%22%3A%7B%22preserved.register.source%22%3A%22SPRING_CLOUD%22%7D%2C%22port%22%3A8080%2C%22scheduled%22%3Atrue%2C%22serviceName%22%3A%22DEFAULT_GROUP%40%40user-center%22%2C%22weight%22%3A1.0%7D&serviceName=DEFAULT_GROUP%40%40user-center&encoding=UTF-8&namespaceId=public HTTP/1.1" 200 38 2 Nacos-Java-Client:v1.0.0
192.168.2.105 - - [14/Feb/2020:16:37:25 +0800] "GET /nacos/v1/cs/health HTTP/1.1" 200 2 1 Apache-HttpAsyncClient/4.1.3 (Java/9.0.4)
127.0.0.1 - - [14/Feb/2020:16:37:28 +0800] "PUT /nacos/v1/ns/instance/beat?beat=%7B%22cluster%22%3A%22DEFAULT%22%2C%22ip%22%3A%22192.168.2.105%22%2C%22metadata%22%3A%7B%22preserved.register.source%22%3A%22SPRING_CLOUD%22%7D%2C%22port%22%3A8080%2C%22scheduled%22%3Atrue%2C%22serviceName%22%3A%22DEFAULT_GROUP%40%40user-center%22%2C%22weight%22%3A1.0%7D&serviceName=DEFAULT_GROUP%40%40user-center&encoding=UTF-8&namespaceId=public HTTP/1.1" 200 38 3 Nacos-Java-Client:v1.0.0
127.0.0.1 - - [14/Feb/2020:16:37:29 +0800] "GET /nacos/v1/ns/instance/list?healthyOnly=false&namespaceId=public&clientIP=10.176.13.99&serviceName=DEFAULT_GROUP%40%40user-center&udpPort=61142&encoding=UTF-8 HTTP/1.1" 200 564 4 Nacos-Java-Client:v1.0.0
192.168.2.105 - - [14/Feb/2020:16:37:30 +0800] "GET /nacos/v1/cs/health HTTP/1.1" 200 2 3 Apache-HttpAsyncClient/4.1.3 (Java/9.0.4)
127.0.0.1 - - [14/Feb/2020:16:37:33 +0800] "PUT /nacos/v1/ns/instance/beat?beat=%7B%22cluster%22%3A%22DEFAULT%22%2C%22ip%22%3A%22192.168.2.105%22%2C%22metadata%22%3A%7B%22preserved.register.source%22%3A%22SPRING_CLOUD%22%7D%2C%22port%22%3A8080%2C%22scheduled%22%3Atrue%2C%22serviceName%22%3A%22DEFAULT_GROUP%40%40user-center%22%2C%22weight%22%3A1.0%7D&serviceName=DEFAULT_GROUP%40%40user-center&encoding=UTF-8&namespaceId=public HTTP/1.1" 200 38 4 Nacos-Java-Client:v1.0.0
192.168.2.105 - - [14/Feb/2020:16:37:35 +0800] "GET /nacos/v1/cs/health HTTP/1.1" 200 2 10 Apache-HttpAsyncClient/4.1.3 (Java/9.0.4)
127.0.0.1 - - [14/Feb/2020:16:37:38 +0800] "PUT /nacos/v1/ns/instance/beat?beat=%7B%22cluster%22%3A%22DEFAULT%22%2C%22ip%22%3A%22192.168.2.105%22%2C%22metadata%22%3A%7B%22preserved.register.source%22%3A%22SPRING_CLOUD%22%7D%2C%22port%22%3A8080%2C%22scheduled%22%3Atrue%2C%22serviceName%22%3A%22DEFAULT_GROUP%40%40user-center%22%2C%22weight%22%3A1.0%7D&serviceName=DEFAULT_GROUP%40%40user-center&encoding=UTF-8&namespaceId=public HTTP/1.1" 200 38 12 Nacos-Java-Client:v1.0.0
127.0.0.1 - - [14/Feb/2020:16:37:39 +0800] "GET /nacos/v1/ns/instance/list?healthyOnly=false&namespaceId=public&clientIP=10.176.13.99&serviceName=DEFAULT_GROUP%40%40user-center&udpPort=61142&encoding=UTF-8 HTTP/1.1" 200 564 5 Nacos-Java-Client:v1.0.0
192.168.2.105 - - [14/Feb/2020:16:37:40 +0800] "GET /nacos/v1/cs/health HTTP/1.1" 200 2 3 Apache-HttpAsyncClient/4.1.3 (Java/9.0.4)
127.0.0.1 - - [14/Feb/2020:16:37:43 +0800] "PUT /nacos/v1/ns/instance/beat?beat=%7B%22cluster%22%3A%22DEFAULT%22%2C%22ip%22%3A%22192.168.2.105%22%2C%22metadata%22%3A%7B%22preserved.register.source%22%3A%22SPRING_CLOUD%22%7D%2C%22port%22%3A8080%2C%22scheduled%22%3Atrue%2C%22serviceName%22%3A%22DEFAULT_GROUP%40%40user-center%22%2C%22weight%22%3A1.0%7D&serviceName=DEFAULT_GROUP%40%40user-center&encoding=UTF-8&namespaceId=public HTTP/1.1" 200 38 1 Nacos-Java-Client:v1.0.0
192.168.2.105 - - [14/Feb/2020:16:37:45 +0800] "GET /nacos/v1/cs/health HTTP/1.1" 200 2 1 Apache-HttpAsyncClient/4.1.3 (Java/9.0.4)
127.0.0.1 - - [14/Feb/2020:16:37:46 +0800] "GET /nacos/v1/ns/service/list?pageSize=2147483647&groupName=DEFAULT_GROUP&encoding=UTF-8&namespaceId=public&pageNo=1 HTTP/1.1" 200 45 3 Nacos-Java-Client:v1.0.0
127.0.0.1 - - [14/Feb/2020:16:37:48 +0800] "PUT /nacos/v1/ns/instance/beat?beat=%7B%22cluster%22%3A%22DEFAULT%22%2C%22ip%22%3A%22192.168.2.105%22%2C%22metadata%22%3A%7B%22preserved.register.source%22%3A%22SPRING_CLOUD%22%7D%2C%22port%22%3A8080%2C%22scheduled%22%3Atrue%2C%22serviceName%22%3A%22DEFAULT_GROUP%40%40user-center%22%2C%22weight%22%3A1.0%7D&serviceName=DEFAULT_GROUP%40%40user-center&encoding=UTF-8&namespaceId=public HTTP/1.1" 200 38 1 Nacos-Java-Client:v1.0.0
127.0.0.1 - - [14/Feb/2020:16:37:49 +0800] "GET /nacos/v1/ns/instance/list?healthyOnly=false&namespaceId=public&clientIP=10.176.13.99&serviceName=DEFAULT_GROUP%40%40user-center&udpPort=61142&encoding=UTF-8 HTTP/1.1" 200 564 4 Nacos-Java-Client:v1.0.0
192.168.2.105 - - [14/Feb/2020:16:37:50 +0800] "GET /nacos/v1/cs/health HTTP/1.1" 200 2 2 Apache-HttpAsyncClient/4.1.3 (Java/9.0.4)
127.0.0.1 - - [14/Feb/2020:16:37:53 +0800] "PUT /nacos/v1/ns/instance/beat?beat=%7B%22cluster%22%3A%22DEFAULT%22%2C%22ip%22%3A%22192.168.2.105%22%2C%22metadata%22%3A%7B%22preserved.register.source%22%3A%22SPRING_CLOUD%22%7D%2C%22port%22%3A8080%2C%22scheduled%22%3Atrue%2C%22serviceName%22%3A%22DEFAULT_GROUP%40%40user-center%22%2C%22weight%22%3A1.0%7D&serviceName=DEFAULT_GROUP%40%40user-center&encoding=UTF-8&namespaceId=public HTTP/1.1" 200 38 2 Nacos-Java-Client:v1.0.0
192.168.2.105 - - [14/Feb/2020:16:37:55 +0800] "GET /nacos/v1/cs/health HTTP/1.1" 200 2 3 Apache-HttpAsyncClient/4.1.3 (Java/9.0.4)
127.0.0.1 - - [14/Feb/2020:16:37:58 +0800] "PUT /nacos/v1/ns/instance/beat?beat=%7B%22cluster%22%3A%22DEFAULT%22%2C%22ip%22%3A%22192.168.2.105%22%2C%22metadata%22%3A%7B%22preserved.register.source%22%3A%22SPRING_CLOUD%22%7D%2C%22port%22%3A8080%2C%22scheduled%22%3Atrue%2C%22serviceName%22%3A%22DEFAULT_GROUP%40%40user-center%22%2C%22weight%22%3A1.0%7D&serviceName=DEFAULT_GROUP%40%40user-center&encoding=UTF-8&namespaceId=public HTTP/1.1" 200 38 2 Nacos-Java-Client:v1.0.0
127.0.0.1 - - [14/Feb/2020:16:37:59 +0800] "GET /nacos/v1/ns/instance/list?healthyOnly=false&namespaceId=public&clientIP=10.176.13.99&serviceName=DEFAULT_GROUP%40%40user-center&udpPort=61142&encoding=UTF-8 HTTP/1.1" 200 564 4 Nacos-Java-Client:v1.0.0
192.168.2.105 - - [14/Feb/2020:16:38:00 +0800] "GET /nacos/v1/cs/health HTTP/1.1" 200 2 1 Apache-HttpAsyncClient/4.1.3 (Java/9.0.4)
0:0:0:0:0:0:0:1 - - [14/Feb/2020:16:38:02 +0800] "GET /nacos/console-fe/public/js/vs/base/worker/workerMain.js HTTP/1.1" 200 151535 14 Mozilla/5.0 (Windows NT 10.0; WOW64) AppleWebKit/537.36 (KHTML, like Gecko) Chrome/79.0.3945.130 Safari/537.36
0:0:0:0:0:0:0:1 - - [14/Feb/2020:16:38:02 +0800] "GET /nacos/v1/ns/catalog/service?serviceName=user-center&groupName=DEFAULT_GROUP&namespaceId= HTTP/1.1" 200 320 12 Mozilla/5.0 (Windows NT 10.0; WOW64) AppleWebKit/537.36 (KHTML, like Gecko) Chrome/79.0.3945.130 Safari/537.36
0:0:0:0:0:0:0:1 - - [14/Feb/2020:16:38:02 +0800] "GET /nacos/v1/ns/catalog/instances?serviceName=user-center&clusterName=DEFAULT&groupName=DEFAULT_GROUP&pageSize=10&pageNo=1&namespaceId= HTTP/1.1" 200 536 9 Mozilla/5.0 (Windows NT 10.0; WOW64) AppleWebKit/537.36 (KHTML, like Gecko) Chrome/79.0.3945.130 Safari/537.36
127.0.0.1 - - [14/Feb/2020:16:38:03 +0800] "PUT /nacos/v1/ns/instance/beat?beat=%7B%22cluster%22%3A%22DEFAULT%22%2C%22ip%22%3A%22192.168.2.105%22%2C%22metadata%22%3A%7B%22preserved.register.source%22%3A%22SPRING_CLOUD%22%7D%2C%22port%22%3A8080%2C%22scheduled%22%3Atrue%2C%22serviceName%22%3A%22DEFAULT_GROUP%40%40user-center%22%2C%22weight%22%3A1.0%7D&serviceName=DEFAULT_GROUP%40%40user-center&encoding=UTF-8&namespaceId=public HTTP/1.1" 200 38 6 Nacos-Java-Client:v1.0.0
192.168.2.105 - - [14/Feb/2020:16:38:05 +0800] "GET /nacos/v1/cs/health HTTP/1.1" 200 2 3 Apache-HttpAsyncClient/4.1.3 (Java/9.0.4)
127.0.0.1 - - [14/Feb/2020:16:38:08 +0800] "PUT /nacos/v1/ns/instance/beat?beat=%7B%22cluster%22%3A%22DEFAULT%22%2C%22ip%22%3A%22192.168.2.105%22%2C%22metadata%22%3A%7B%22preserved.register.source%22%3A%22SPRING_CLOUD%22%7D%2C%22port%22%3A8080%2C%22scheduled%22%3Atrue%2C%22serviceName%22%3A%22DEFAULT_GROUP%40%40user-center%22%2C%22weight%22%3A1.0%7D&serviceName=DEFAULT_GROUP%40%40user-center&encoding=UTF-8&namespaceId=public HTTP/1.1" 200 38 4 Nacos-Java-Client:v1.0.0
127.0.0.1 - - [14/Feb/2020:16:38:09 +0800] "GET /nacos/v1/ns/instance/list?healthyOnly=false&namespaceId=public&clientIP=10.176.13.99&serviceName=DEFAULT_GROUP%40%40user-center&udpPort=61142&encoding=UTF-8 HTTP/1.1" 200 564 5 Nacos-Java-Client:v1.0.0
0:0:0:0:0:0:0:1 - - [14/Feb/2020:16:38:09 +0800] "GET /nacos/v1/cs/configs?search=accurate&dataId=&group=&appName=&config_tags=&pageNo=1&pageSize=10&tenant=&namespaceId= HTTP/1.1" 200 - 5 Mozilla/5.0 (Windows NT 10.0; WOW64) AppleWebKit/537.36 (KHTML, like Gecko) Chrome/79.0.3945.130 Safari/537.36
192.168.2.105 - - [14/Feb/2020:16:38:10 +0800] "GET /nacos/v1/cs/health HTTP/1.1" 200 2 4 Apache-HttpAsyncClient/4.1.3 (Java/9.0.4)
127.0.0.1 - - [14/Feb/2020:16:38:13 +0800] "PUT /nacos/v1/ns/instance/beat?beat=%7B%22cluster%22%3A%22DEFAULT%22%2C%22ip%22%3A%22192.168.2.105%22%2C%22metadata%22%3A%7B%22preserved.register.source%22%3A%22SPRING_CLOUD%22%7D%2C%22port%22%3A8080%2C%22scheduled%22%3Atrue%2C%22serviceName%22%3A%22DEFAULT_GROUP%40%40user-center%22%2C%22weight%22%3A1.0%7D&serviceName=DEFAULT_GROUP%40%40user-center&encoding=UTF-8&namespaceId=public HTTP/1.1" 200 38 1 Nacos-Java-Client:v1.0.0
192.168.2.105 - - [14/Feb/2020:16:38:15 +0800] "GET /nacos/v1/cs/health HTTP/1.1" 200 2 1 Apache-HttpAsyncClient/4.1.3 (Java/9.0.4)
127.0.0.1 - - [14/Feb/2020:16:38:16 +0800] "GET /nacos/v1/ns/service/list?pageSize=2147483647&groupName=DEFAULT_GROUP&encoding=UTF-8&namespaceId=public&pageNo=1 HTTP/1.1" 200 45 9 Nacos-Java-Client:v1.0.0
127.0.0.1 - - [14/Feb/2020:16:38:18 +0800] "PUT /nacos/v1/ns/instance/beat?beat=%7B%22cluster%22%3A%22DEFAULT%22%2C%22ip%22%3A%22192.168.2.105%22%2C%22metadata%22%3A%7B%22preserved.register.source%22%3A%22SPRING_CLOUD%22%7D%2C%22port%22%3A8080%2C%22scheduled%22%3Atrue%2C%22serviceName%22%3A%22DEFAULT_GROUP%40%40user-center%22%2C%22weight%22%3A1.0%7D&serviceName=DEFAULT_GROUP%40%40user-center&encoding=UTF-8&namespaceId=public HTTP/1.1" 200 38 6 Nacos-Java-Client:v1.0.0
127.0.0.1 - - [14/Feb/2020:16:38:19 +0800] "GET /nacos/v1/ns/instance/list?healthyOnly=false&namespaceId=public&clientIP=10.176.13.99&serviceName=DEFAULT_GROUP%40%40user-center&udpPort=61142&encoding=UTF-8 HTTP/1.1" 200 564 5 Nacos-Java-Client:v1.0.0
192.168.2.105 - - [14/Feb/2020:16:38:20 +0800] "GET /nacos/v1/cs/health HTTP/1.1" 200 2 1 Apache-HttpAsyncClient/4.1.3 (Java/9.0.4)
127.0.0.1 - - [14/Feb/2020:16:38:23 +0800] "PUT /nacos/v1/ns/instance/beat?beat=%7B%22cluster%22%3A%22DEFAULT%22%2C%22ip%22%3A%22192.168.2.105%22%2C%22metadata%22%3A%7B%22preserved.register.source%22%3A%22SPRING_CLOUD%22%7D%2C%22port%22%3A8080%2C%22scheduled%22%3Atrue%2C%22serviceName%22%3A%22DEFAULT_GROUP%40%40user-center%22%2C%22weight%22%3A1.0%7D&serviceName=DEFAULT_GROUP%40%40user-center&encoding=UTF-8&namespaceId=public HTTP/1.1" 200 38 2 Nacos-Java-Client:v1.0.0
192.168.2.105 - - [14/Feb/2020:16:38:25 +0800] "GET /nacos/v1/cs/health HTTP/1.1" 200 2 6 Apache-HttpAsyncClient/4.1.3 (Java/9.0.4)
127.0.0.1 - - [14/Feb/2020:16:38:28 +0800] "PUT /nacos/v1/ns/instance/beat?beat=%7B%22cluster%22%3A%22DEFAULT%22%2C%22ip%22%3A%22192.168.2.105%22%2C%22metadata%22%3A%7B%22preserved.register.source%22%3A%22SPRING_CLOUD%22%7D%2C%22port%22%3A8080%2C%22scheduled%22%3Atrue%2C%22serviceName%22%3A%22DEFAULT_GROUP%40%40user-center%22%2C%22weight%22%3A1.0%7D&serviceName=DEFAULT_GROUP%40%40user-center&encoding=UTF-8&namespaceId=public HTTP/1.1" 200 38 3 Nacos-Java-Client:v1.0.0
127.0.0.1 - - [14/Feb/2020:16:38:29 +0800] "GET /nacos/v1/ns/instance/list?healthyOnly=false&namespaceId=public&clientIP=10.176.13.99&serviceName=DEFAULT_GROUP%40%40user-center&udpPort=61142&encoding=UTF-8 HTTP/1.1" 200 564 2 Nacos-Java-Client:v1.0.0
192.168.2.105 - - [14/Feb/2020:16:38:30 +0800] "GET /nacos/v1/cs/health HTTP/1.1" 200 2 2 Apache-HttpAsyncClient/4.1.3 (Java/9.0.4)
127.0.0.1 - - [14/Feb/2020:16:38:33 +0800] "PUT /nacos/v1/ns/instance/beat?beat=%7B%22cluster%22%3A%22DEFAULT%22%2C%22ip%22%3A%22192.168.2.105%22%2C%22metadata%22%3A%7B%22preserved.register.source%22%3A%22SPRING_CLOUD%22%7D%2C%22port%22%3A8080%2C%22scheduled%22%3Atrue%2C%22serviceName%22%3A%22DEFAULT_GROUP%40%40user-center%22%2C%22weight%22%3A1.0%7D&serviceName=DEFAULT_GROUP%40%40user-center&encoding=UTF-8&namespaceId=public HTTP/1.1" 200 38 5 Nacos-Java-Client:v1.0.0
192.168.2.105 - - [14/Feb/2020:16:38:35 +0800] "GET /nacos/v1/cs/health HTTP/1.1" 200 2 3 Apache-HttpAsyncClient/4.1.3 (Java/9.0.4)
127.0.0.1 - - [14/Feb/2020:16:38:38 +0800] "PUT /nacos/v1/ns/instance/beat?beat=%7B%22cluster%22%3A%22DEFAULT%22%2C%22ip%22%3A%22192.168.2.105%22%2C%22metadata%22%3A%7B%22preserved.register.source%22%3A%22SPRING_CLOUD%22%7D%2C%22port%22%3A8080%2C%22scheduled%22%3Atrue%2C%22serviceName%22%3A%22DEFAULT_GROUP%40%40user-center%22%2C%22weight%22%3A1.0%7D&serviceName=DEFAULT_GROUP%40%40user-center&encoding=UTF-8&namespaceId=public HTTP/1.1" 200 38 1 Nacos-Java-Client:v1.0.0
127.0.0.1 - - [14/Feb/2020:16:38:39 +0800] "GET /nacos/v1/ns/instance/list?healthyOnly=false&namespaceId=public&clientIP=10.176.13.99&serviceName=DEFAULT_GROUP%40%40user-center&udpPort=61142&encoding=UTF-8 HTTP/1.1" 200 564 1 Nacos-Java-Client:v1.0.0
192.168.2.105 - - [14/Feb/2020:16:38:40 +0800] "GET /nacos/v1/cs/health HTTP/1.1" 200 2 1 Apache-HttpAsyncClient/4.1.3 (Java/9.0.4)
127.0.0.1 - - [14/Feb/2020:16:38:43 +0800] "PUT /nacos/v1/ns/instance/beat?beat=%7B%22cluster%22%3A%22DEFAULT%22%2C%22ip%22%3A%22192.168.2.105%22%2C%22metadata%22%3A%7B%22preserved.register.source%22%3A%22SPRING_CLOUD%22%7D%2C%22port%22%3A8080%2C%22scheduled%22%3Atrue%2C%22serviceName%22%3A%22DEFAULT_GROUP%40%40user-center%22%2C%22weight%22%3A1.0%7D&serviceName=DEFAULT_GROUP%40%40user-center&encoding=UTF-8&namespaceId=public HTTP/1.1" 200 38 1 Nacos-Java-Client:v1.0.0
192.168.2.105 - - [14/Feb/2020:16:38:45 +0800] "GET /nacos/v1/cs/health HTTP/1.1" 200 2 1 Apache-HttpAsyncClient/4.1.3 (Java/9.0.4)
127.0.0.1 - - [14/Feb/2020:16:38:46 +0800] "GET /nacos/v1/ns/service/list?pageSize=2147483647&groupName=DEFAULT_GROUP&encoding=UTF-8&namespaceId=public&pageNo=1 HTTP/1.1" 200 45 4 Nacos-Java-Client:v1.0.0
127.0.0.1 - - [14/Feb/2020:16:38:48 +0800] "PUT /nacos/v1/ns/instance/beat?beat=%7B%22cluster%22%3A%22DEFAULT%22%2C%22ip%22%3A%22192.168.2.105%22%2C%22metadata%22%3A%7B%22preserved.register.source%22%3A%22SPRING_CLOUD%22%7D%2C%22port%22%3A8080%2C%22scheduled%22%3Atrue%2C%22serviceName%22%3A%22DEFAULT_GROUP%40%40user-center%22%2C%22weight%22%3A1.0%7D&serviceName=DEFAULT_GROUP%40%40user-center&encoding=UTF-8&namespaceId=public HTTP/1.1" 200 38 1 Nacos-Java-Client:v1.0.0
127.0.0.1 - - [14/Feb/2020:16:38:49 +0800] "GET /nacos/v1/ns/instance/list?healthyOnly=false&namespaceId=public&clientIP=10.176.13.99&serviceName=DEFAULT_GROUP%40%40user-center&udpPort=61142&encoding=UTF-8 HTTP/1.1" 200 564 13 Nacos-Java-Client:v1.0.0
192.168.2.105 - - [14/Feb/2020:16:38:50 +0800] "GET /nacos/v1/cs/health HTTP/1.1" 200 2 3 Apache-HttpAsyncClient/4.1.3 (Java/9.0.4)
127.0.0.1 - - [14/Feb/2020:16:38:53 +0800] "PUT /nacos/v1/ns/instance/beat?beat=%7B%22cluster%22%3A%22DEFAULT%22%2C%22ip%22%3A%22192.168.2.105%22%2C%22metadata%22%3A%7B%22preserved.register.source%22%3A%22SPRING_CLOUD%22%7D%2C%22port%22%3A8080%2C%22scheduled%22%3Atrue%2C%22serviceName%22%3A%22DEFAULT_GROUP%40%40user-center%22%2C%22weight%22%3A1.0%7D&serviceName=DEFAULT_GROUP%40%40user-center&encoding=UTF-8&namespaceId=public HTTP/1.1" 200 38 3 Nacos-Java-Client:v1.0.0
192.168.2.105 - - [14/Feb/2020:16:38:55 +0800] "GET /nacos/v1/cs/health HTTP/1.1" 200 2 1 Apache-HttpAsyncClient/4.1.3 (Java/9.0.4)
127.0.0.1 - - [14/Feb/2020:16:38:58 +0800] "PUT /nacos/v1/ns/instance/beat?beat=%7B%22cluster%22%3A%22DEFAULT%22%2C%22ip%22%3A%22192.168.2.105%22%2C%22metadata%22%3A%7B%22preserved.register.source%22%3A%22SPRING_CLOUD%22%7D%2C%22port%22%3A8080%2C%22scheduled%22%3Atrue%2C%22serviceName%22%3A%22DEFAULT_GROUP%40%40user-center%22%2C%22weight%22%3A1.0%7D&serviceName=DEFAULT_GROUP%40%40user-center&encoding=UTF-8&namespaceId=public HTTP/1.1" 200 38 5 Nacos-Java-Client:v1.0.0
127.0.0.1 - - [14/Feb/2020:16:38:59 +0800] "GET /nacos/v1/ns/instance/list?healthyOnly=false&namespaceId=public&clientIP=10.176.13.99&serviceName=DEFAULT_GROUP%40%40user-center&udpPort=61142&encoding=UTF-8 HTTP/1.1" 200 564 5 Nacos-Java-Client:v1.0.0
192.168.2.105 - - [14/Feb/2020:16:39:00 +0800] "GET /nacos/v1/cs/health HTTP/1.1" 200 2 3 Apache-HttpAsyncClient/4.1.3 (Java/9.0.4)
127.0.0.1 - - [14/Feb/2020:16:39:03 +0800] "PUT /nacos/v1/ns/instance/beat?beat=%7B%22cluster%22%3A%22DEFAULT%22%2C%22ip%22%3A%22192.168.2.105%22%2C%22metadata%22%3A%7B%22preserved.register.source%22%3A%22SPRING_CLOUD%22%7D%2C%22port%22%3A8080%2C%22scheduled%22%3Atrue%2C%22serviceName%22%3A%22DEFAULT_GROUP%40%40user-center%22%2C%22weight%22%3A1.0%7D&serviceName=DEFAULT_GROUP%40%40user-center&encoding=UTF-8&namespaceId=public HTTP/1.1" 200 38 4 Nacos-Java-Client:v1.0.0
192.168.2.105 - - [14/Feb/2020:16:39:05 +0800] "GET /nacos/v1/cs/health HTTP/1.1" 200 2 3 Apache-HttpAsyncClient/4.1.3 (Java/9.0.4)
127.0.0.1 - - [14/Feb/2020:16:39:08 +0800] "PUT /nacos/v1/ns/instance/beat?beat=%7B%22cluster%22%3A%22DEFAULT%22%2C%22ip%22%3A%22192.168.2.105%22%2C%22metadata%22%3A%7B%22preserved.register.source%22%3A%22SPRING_CLOUD%22%7D%2C%22port%22%3A8080%2C%22scheduled%22%3Atrue%2C%22serviceName%22%3A%22DEFAULT_GROUP%40%40user-center%22%2C%22weight%22%3A1.0%7D&serviceName=DEFAULT_GROUP%40%40user-center&encoding=UTF-8&namespaceId=public HTTP/1.1" 200 38 1 Nacos-Java-Client:v1.0.0
127.0.0.1 - - [14/Feb/2020:16:39:09 +0800] "GET /nacos/v1/ns/instance/list?healthyOnly=false&namespaceId=public&clientIP=10.176.13.99&serviceName=DEFAULT_GROUP%40%40user-center&udpPort=61142&encoding=UTF-8 HTTP/1.1" 200 564 2 Nacos-Java-Client:v1.0.0
192.168.2.105 - - [14/Feb/2020:16:39:10 +0800] "GET /nacos/v1/cs/health HTTP/1.1" 200 2 1 Apache-HttpAsyncClient/4.1.3 (Java/9.0.4)
127.0.0.1 - - [14/Feb/2020:16:39:13 +0800] "PUT /nacos/v1/ns/instance/beat?beat=%7B%22cluster%22%3A%22DEFAULT%22%2C%22ip%22%3A%22192.168.2.105%22%2C%22metadata%22%3A%7B%22preserved.register.source%22%3A%22SPRING_CLOUD%22%7D%2C%22port%22%3A8080%2C%22scheduled%22%3Atrue%2C%22serviceName%22%3A%22DEFAULT_GROUP%40%40user-center%22%2C%22weight%22%3A1.0%7D&serviceName=DEFAULT_GROUP%40%40user-center&encoding=UTF-8&namespaceId=public HTTP/1.1" 200 38 6 Nacos-Java-Client:v1.0.0
192.168.2.105 - - [14/Feb/2020:16:39:15 +0800] "GET /nacos/v1/cs/health HTTP/1.1" 200 2 5 Apache-HttpAsyncClient/4.1.3 (Java/9.0.4)
127.0.0.1 - - [14/Feb/2020:16:39:16 +0800] "GET /nacos/v1/ns/service/list?pageSize=2147483647&groupName=DEFAULT_GROUP&encoding=UTF-8&namespaceId=public&pageNo=1 HTTP/1.1" 200 45 5 Nacos-Java-Client:v1.0.0
127.0.0.1 - - [14/Feb/2020:16:39:18 +0800] "PUT /nacos/v1/ns/instance/beat?beat=%7B%22cluster%22%3A%22DEFAULT%22%2C%22ip%22%3A%22192.168.2.105%22%2C%22metadata%22%3A%7B%22preserved.register.source%22%3A%22SPRING_CLOUD%22%7D%2C%22port%22%3A8080%2C%22scheduled%22%3Atrue%2C%22serviceName%22%3A%22DEFAULT_GROUP%40%40user-center%22%2C%22weight%22%3A1.0%7D&serviceName=DEFAULT_GROUP%40%40user-center&encoding=UTF-8&namespaceId=public HTTP/1.1" 200 38 2 Nacos-Java-Client:v1.0.0
127.0.0.1 - - [14/Feb/2020:16:39:19 +0800] "GET /nacos/v1/ns/instance/list?healthyOnly=false&namespaceId=public&clientIP=10.176.13.99&serviceName=DEFAULT_GROUP%40%40user-center&udpPort=61142&encoding=UTF-8 HTTP/1.1" 200 564 14 Nacos-Java-Client:v1.0.0
192.168.2.105 - - [14/Feb/2020:16:39:20 +0800] "GET /nacos/v1/cs/health HTTP/1.1" 200 2 1 Apache-HttpAsyncClient/4.1.3 (Java/9.0.4)
0:0:0:0:0:0:0:1 - - [14/Feb/2020:16:39:21 +0800] "GET /nacos/v1/ns/catalog/services?withInstances=false&pageNo=1&pageSize=10&keyword=&namespaceId= HTTP/1.1" 200 143 7 Mozilla/5.0 (Windows NT 10.0; WOW64) AppleWebKit/537.36 (KHTML, like Gecko) Chrome/79.0.3945.130 Safari/537.36
127.0.0.1 - - [14/Feb/2020:16:39:23 +0800] "PUT /nacos/v1/ns/instance/beat?beat=%7B%22cluster%22%3A%22DEFAULT%22%2C%22ip%22%3A%22192.168.2.105%22%2C%22metadata%22%3A%7B%22preserved.register.source%22%3A%22SPRING_CLOUD%22%7D%2C%22port%22%3A8080%2C%22scheduled%22%3Atrue%2C%22serviceName%22%3A%22DEFAULT_GROUP%40%40user-center%22%2C%22weight%22%3A1.0%7D&serviceName=DEFAULT_GROUP%40%40user-center&encoding=UTF-8&namespaceId=public HTTP/1.1" 200 38 1 Nacos-Java-Client:v1.0.0
192.168.2.105 - - [14/Feb/2020:16:39:25 +0800] "GET /nacos/v1/cs/health HTTP/1.1" 200 2 4 Apache-HttpAsyncClient/4.1.3 (Java/9.0.4)
127.0.0.1 - - [14/Feb/2020:16:39:28 +0800] "PUT /nacos/v1/ns/instance/beat?beat=%7B%22cluster%22%3A%22DEFAULT%22%2C%22ip%22%3A%22192.168.2.105%22%2C%22metadata%22%3A%7B%22preserved.register.source%22%3A%22SPRING_CLOUD%22%7D%2C%22port%22%3A8080%2C%22scheduled%22%3Atrue%2C%22serviceName%22%3A%22DEFAULT_GROUP%40%40user-center%22%2C%22weight%22%3A1.0%7D&serviceName=DEFAULT_GROUP%40%40user-center&encoding=UTF-8&namespaceId=public HTTP/1.1" 200 38 28 Nacos-Java-Client:v1.0.0
127.0.0.1 - - [14/Feb/2020:16:39:29 +0800] "GET /nacos/v1/ns/instance/list?healthyOnly=false&namespaceId=public&clientIP=10.176.13.99&serviceName=DEFAULT_GROUP%40%40user-center&udpPort=61142&encoding=UTF-8 HTTP/1.1" 200 564 5 Nacos-Java-Client:v1.0.0
192.168.2.105 - - [14/Feb/2020:16:39:30 +0800] "GET /nacos/v1/cs/health HTTP/1.1" 200 2 1 Apache-HttpAsyncClient/4.1.3 (Java/9.0.4)
127.0.0.1 - - [14/Feb/2020:16:39:33 +0800] "PUT /nacos/v1/ns/instance/beat?beat=%7B%22cluster%22%3A%22DEFAULT%22%2C%22ip%22%3A%22192.168.2.105%22%2C%22metadata%22%3A%7B%22preserved.register.source%22%3A%22SPRING_CLOUD%22%7D%2C%22port%22%3A8080%2C%22scheduled%22%3Atrue%2C%22serviceName%22%3A%22DEFAULT_GROUP%40%40user-center%22%2C%22weight%22%3A1.0%7D&serviceName=DEFAULT_GROUP%40%40user-center&encoding=UTF-8&namespaceId=public HTTP/1.1" 200 38 4 Nacos-Java-Client:v1.0.0
192.168.2.105 - - [14/Feb/2020:16:39:35 +0800] "GET /nacos/v1/cs/health HTTP/1.1" 200 2 6 Apache-HttpAsyncClient/4.1.3 (Java/9.0.4)
127.0.0.1 - - [14/Feb/2020:16:39:38 +0800] "PUT /nacos/v1/ns/instance/beat?beat=%7B%22cluster%22%3A%22DEFAULT%22%2C%22ip%22%3A%22192.168.2.105%22%2C%22metadata%22%3A%7B%22preserved.register.source%22%3A%22SPRING_CLOUD%22%7D%2C%22port%22%3A8080%2C%22scheduled%22%3Atrue%2C%22serviceName%22%3A%22DEFAULT_GROUP%40%40user-center%22%2C%22weight%22%3A1.0%7D&serviceName=DEFAULT_GROUP%40%40user-center&encoding=UTF-8&namespaceId=public HTTP/1.1" 200 38 2 Nacos-Java-Client:v1.0.0
127.0.0.1 - - [14/Feb/2020:16:39:39 +0800] "GET /nacos/v1/ns/instance/list?healthyOnly=false&namespaceId=public&clientIP=10.176.13.99&serviceName=DEFAULT_GROUP%40%40user-center&udpPort=61142&encoding=UTF-8 HTTP/1.1" 200 564 2 Nacos-Java-Client:v1.0.0
192.168.2.105 - - [14/Feb/2020:16:39:40 +0800] "GET /nacos/v1/cs/health HTTP/1.1" 200 2 1 Apache-HttpAsyncClient/4.1.3 (Java/9.0.4)
0:0:0:0:0:0:0:1 - - [14/Feb/2020:16:39:42 +0800] "GET /nacos/v1/ns/catalog/services?withInstances=false&pageNo=1&pageSize=10&keyword=&namespaceId= HTTP/1.1" 200 143 1 Mozilla/5.0 (Windows NT 10.0; WOW64) AppleWebKit/537.36 (KHTML, like Gecko) Chrome/79.0.3945.130 Safari/537.36
127.0.0.1 - - [14/Feb/2020:16:39:43 +0800] "PUT /nacos/v1/ns/instance/beat?beat=%7B%22cluster%22%3A%22DEFAULT%22%2C%22ip%22%3A%22192.168.2.105%22%2C%22metadata%22%3A%7B%22preserved.register.source%22%3A%22SPRING_CLOUD%22%7D%2C%22port%22%3A8080%2C%22scheduled%22%3Atrue%2C%22serviceName%22%3A%22DEFAULT_GROUP%40%40user-center%22%2C%22weight%22%3A1.0%7D&serviceName=DEFAULT_GROUP%40%40user-center&encoding=UTF-8&namespaceId=public HTTP/1.1" 200 38 1 Nacos-Java-Client:v1.0.0
192.168.2.105 - - [14/Feb/2020:16:39:45 +0800] "GET /nacos/v1/cs/health HTTP/1.1" 200 2 1 Apache-HttpAsyncClient/4.1.3 (Java/9.0.4)
127.0.0.1 - - [14/Feb/2020:16:39:46 +0800] "GET /nacos/v1/ns/service/list?pageSize=2147483647&groupName=DEFAULT_GROUP&encoding=UTF-8&namespaceId=public&pageNo=1 HTTP/1.1" 200 45 3 Nacos-Java-Client:v1.0.0
127.0.0.1 - - [14/Feb/2020:16:39:48 +0800] "PUT /nacos/v1/ns/instance/beat?beat=%7B%22cluster%22%3A%22DEFAULT%22%2C%22ip%22%3A%22192.168.2.105%22%2C%22metadata%22%3A%7B%22preserved.register.source%22%3A%22SPRING_CLOUD%22%7D%2C%22port%22%3A8080%2C%22scheduled%22%3Atrue%2C%22serviceName%22%3A%22DEFAULT_GROUP%40%40user-center%22%2C%22weight%22%3A1.0%7D&serviceName=DEFAULT_GROUP%40%40user-center&encoding=UTF-8&namespaceId=public HTTP/1.1" 200 38 1 Nacos-Java-Client:v1.0.0
127.0.0.1 - - [14/Feb/2020:16:39:49 +0800] "GET /nacos/v1/ns/instance/list?healthyOnly=false&namespaceId=public&clientIP=10.176.13.99&serviceName=DEFAULT_GROUP%40%40user-center&udpPort=61142&encoding=UTF-8 HTTP/1.1" 200 564 4 Nacos-Java-Client:v1.0.0
192.168.2.105 - - [14/Feb/2020:16:39:50 +0800] "GET /nacos/v1/cs/health HTTP/1.1" 200 2 1 Apache-HttpAsyncClient/4.1.3 (Java/9.0.4)
127.0.0.1 - - [14/Feb/2020:16:39:53 +0800] "PUT /nacos/v1/ns/instance/beat?beat=%7B%22cluster%22%3A%22DEFAULT%22%2C%22ip%22%3A%22192.168.2.105%22%2C%22metadata%22%3A%7B%22preserved.register.source%22%3A%22SPRING_CLOUD%22%7D%2C%22port%22%3A8080%2C%22scheduled%22%3Atrue%2C%22serviceName%22%3A%22DEFAULT_GROUP%40%40user-center%22%2C%22weight%22%3A1.0%7D&serviceName=DEFAULT_GROUP%40%40user-center&encoding=UTF-8&namespaceId=public HTTP/1.1" 200 38 1 Nacos-Java-Client:v1.0.0
127.0.0.1 - - [14/Feb/2020:16:39:54 +0800] "GET /nacos/v1/ns/service/list?pageSize=2147483647&groupName=DEFAULT_GROUP&encoding=UTF-8&namespaceId=public&pageNo=1 HTTP/1.1" 200 45 1 Nacos-Java-Client:v1.0.0
127.0.0.1 - - [14/Feb/2020:16:39:54 +0800] "GET /nacos/v1/ns/instance/list?healthyOnly=false&namespaceId=public&clientIP=10.176.13.99&serviceName=DEFAULT_GROUP%40%40user-center&udpPort=59532&encoding=UTF-8 HTTP/1.1" 200 564 1 Nacos-Java-Client:v1.0.0
127.0.0.1 - - [14/Feb/2020:16:39:54 +0800] "POST /nacos/v1/ns/instance?groupName=DEFAULT_GROUP&metadata=%7B%22preserved.register.source%22%3A%22SPRING_CLOUD%22%7D&namespaceId=public&port=8010&enable=true&healthy=true&clusterName=DEFAULT&ip=192.168.2.105&weight=1.0&ephemeral=true&serviceName=DEFAULT_GROUP%40%40content-center&encoding=UTF-8 HTTP/1.1" 200 2 4 Nacos-Java-Client:v1.0.0
127.0.0.1 - - [14/Feb/2020:16:39:55 +0800] "GET /nacos/v1/ns/instance/list?healthyOnly=false&namespaceId=public&clientIP=10.176.13.99&serviceName=DEFAULT_GROUP%40%40user-center&udpPort=59532&encoding=UTF-8 HTTP/1.1" 200 564 3 Nacos-Java-Client:v1.0.0
192.168.2.105 - - [14/Feb/2020:16:39:56 +0800] "GET /nacos/v1/cs/health HTTP/1.1" 200 2 3 Apache-HttpAsyncClient/4.1.3 (Java/9.0.4)
127.0.0.1 - - [14/Feb/2020:16:39:57 +0800] "PUT /nacos/v1/ns/instance/beat?beat=%7B%22cluster%22%3A%22DEFAULT%22%2C%22ip%22%3A%22192.168.2.105%22%2C%22metadata%22%3A%7B%22preserved.register.source%22%3A%22SPRING_CLOUD%22%7D%2C%22port%22%3A8010%2C%22scheduled%22%3Atrue%2C%22serviceName%22%3A%22DEFAULT_GROUP%40%40content-center%22%2C%22weight%22%3A1.0%7D&serviceName=DEFAULT_GROUP%40%40content-center&encoding=UTF-8&namespaceId=public HTTP/1.1" 200 38 3 Nacos-Java-Client:v1.0.0
127.0.0.1 - - [14/Feb/2020:16:39:58 +0800] "PUT /nacos/v1/ns/instance/beat?beat=%7B%22cluster%22%3A%22DEFAULT%22%2C%22ip%22%3A%22192.168.2.105%22%2C%22metadata%22%3A%7B%22preserved.register.source%22%3A%22SPRING_CLOUD%22%7D%2C%22port%22%3A8080%2C%22scheduled%22%3Atrue%2C%22serviceName%22%3A%22DEFAULT_GROUP%40%40user-center%22%2C%22weight%22%3A1.0%7D&serviceName=DEFAULT_GROUP%40%40user-center&encoding=UTF-8&namespaceId=public HTTP/1.1" 200 38 4 Nacos-Java-Client:v1.0.0
127.0.0.1 - - [14/Feb/2020:16:39:59 +0800] "GET /nacos/v1/ns/instance/list?healthyOnly=false&namespaceId=public&clientIP=10.176.13.99&serviceName=DEFAULT_GROUP%40%40user-center&udpPort=61142&encoding=UTF-8 HTTP/1.1" 200 564 1 Nacos-Java-Client:v1.0.0
192.168.2.105 - - [14/Feb/2020:16:40:01 +0800] "GET /nacos/v1/cs/health HTTP/1.1" 200 2 1 Apache-HttpAsyncClient/4.1.3 (Java/9.0.4)
127.0.0.1 - - [14/Feb/2020:16:40:02 +0800] "PUT /nacos/v1/ns/instance/beat?beat=%7B%22cluster%22%3A%22DEFAULT%22%2C%22ip%22%3A%22192.168.2.105%22%2C%22metadata%22%3A%7B%22preserved.register.source%22%3A%22SPRING_CLOUD%22%7D%2C%22port%22%3A8010%2C%22scheduled%22%3Atrue%2C%22serviceName%22%3A%22DEFAULT_GROUP%40%40content-center%22%2C%22weight%22%3A1.0%7D&serviceName=DEFAULT_GROUP%40%40content-center&encoding=UTF-8&namespaceId=public HTTP/1.1" 200 38 1 Nacos-Java-Client:v1.0.0
